<html>
<body>
<pre>
<h1>µVision Build Log</h1>
<h2>Project:</h2>
C:\Users\Seungjun Jeon\Desktop\CECS 347 Project2\Final Project.uvproj
Project File Date:  11/03/2018

<h2>Output:</h2>
Rebuild target 'Project2'
assembling startup.s...
compiling PLL.c...
compiling PWM.c...
compiling Nokia5110.c...
compiling ADCSWTrigger.c...
compiling Final Project.c...
linking...
Program Size: Code=4860 RO-data=1096 RW-data=0 ZI-data=1120  
".\Project2.axf" - 0 Error(s), 0 Warning(s).
</pre>
</body>
</html>
