<html>
<body>
<pre>
<h1>µVision Build Log</h1>
<h2>Project:</h2>
C:\Users\Seungjun Jeon\Desktop\CECS 347 Project2\project#2.uvproj
Project File Date:  11/05/2018

<h2>Output:</h2>
Rebuild target 'PWM'
assembling startup.s...
compiling PLL.c...
compiling PWM.c...
compiling Nokia5110.c...
compiling Project2.c...
compiling ADCSWTrigger.c...
linking...
Program Size: Code=4860 RO-data=1096 RW-data=0 ZI-data=1120  
".\PWM.axf" - 0 Error(s), 0 Warning(s).
Load "C:\\Users\\Seungjun Jeon\\Desktop\\CECS 347 Project2\\PWM.axf" 
Connecting: Mode=JTAG, Speed=1000000Hz
Erase Done.
Programming Done.
Verify OK.
</pre>
</body>
</html>
Jeon\\Desktop\\CECS 347 Project2\\PWM.axf" 
Connecting: Mode=JTAG, Speed=1000000Hz
Erase Done.
Programming Done.
Verify OK.
1000000Hz
Erase Done.
Programming Done.
Verify OK.
</pre>
</body>
</html>
